DEBUG - 2026-07-23 06:13:20 --> Session: Class initialized using 'CodeIgniter\Session\Handlers\FileHandler' driver.
DEBUG - 2026-07-23 06:13:53 --> Session: Class initialized using 'CodeIgniter\Session\Handlers\FileHandler' driver.
ERROR - 2026-07-23 06:16:14 --> Error connecting to the database: mysqli_sql_exception: Unknown database 'koperasi_samara' in D:\Kumpulan Project IT\Project Web\koperasi-samara\system\Database\MySQLi\Connection.php:201
Stack trace:
#0 D:\Kumpulan Project IT\Project Web\koperasi-samara\system\Database\MySQLi\Connection.php(201): mysqli->real_connect('localhost', 'root', Object(SensitiveParameterValue), 'koperasi_samara', 3306, '', 0)
#1 D:\Kumpulan Project IT\Project Web\koperasi-samara\system\Database\BaseConnection.php(419): CodeIgniter\Database\MySQLi\Connection->connect(false)
#2 D:\Kumpulan Project IT\Project Web\koperasi-samara\system\Database\BaseConnection.php(614): CodeIgniter\Database\BaseConnection->initialize()
#3 D:\Kumpulan Project IT\Project Web\koperasi-samara\system\Database\BaseBuilder.php(1649): CodeIgniter\Database\BaseConnection->query('SELECT *\nFROM `...', Array, false)
#4 D:\Kumpulan Project IT\Project Web\koperasi-samara\system\Model.php(330): CodeIgniter\Database\BaseBuilder->get()
#5 D:\Kumpulan Project IT\Project Web\koperasi-samara\system\BaseModel.php(715): CodeIgniter\Model->doFirst()
#6 D:\Kumpulan Project IT\Project Web\koperasi-samara\app\Controllers\Auth.php(49): CodeIgniter\BaseModel->first()
#7 D:\Kumpulan Project IT\Project Web\koperasi-samara\system\CodeIgniter.php(933): App\Controllers\Auth->doLogin()
#8 D:\Kumpulan Project IT\Project Web\koperasi-samara\system\CodeIgniter.php(507): CodeIgniter\CodeIgniter->runController(Object(App\Controllers\Auth))
#9 D:\Kumpulan Project IT\Project Web\koperasi-samara\system\CodeIgniter.php(354): CodeIgniter\CodeIgniter->handleRequest(NULL, Object(Config\Cache), false)
#10 D:\Kumpulan Project IT\Project Web\koperasi-samara\system\Boot.php(363): CodeIgniter\CodeIgniter->run()
#11 D:\Kumpulan Project IT\Project Web\koperasi-samara\system\Boot.php(68): CodeIgniter\Boot::runCodeIgniter(Object(CodeIgniter\CodeIgniter))
#12 D:\Kumpulan Project IT\Project Web\koperasi-samara\public\index.php(59): CodeIgniter\Boot::bootWeb(Object(Config\Paths))
#13 D:\Kumpulan Project IT\Project Web\koperasi-samara\system\rewrite.php(44): require_once('D:\\Kumpulan Pro...')
#14 {main}

Next CodeIgniter\Database\Exceptions\DatabaseException: Unknown database 'koperasi_samara' in D:\Kumpulan Project IT\Project Web\koperasi-samara\system\Database\MySQLi\Connection.php:246
Stack trace:
#0 D:\Kumpulan Project IT\Project Web\koperasi-samara\system\Database\BaseConnection.php(419): CodeIgniter\Database\MySQLi\Connection->connect(false)
#1 D:\Kumpulan Project IT\Project Web\koperasi-samara\system\Database\BaseConnection.php(614): CodeIgniter\Database\BaseConnection->initialize()
#2 D:\Kumpulan Project IT\Project Web\koperasi-samara\system\Database\BaseBuilder.php(1649): CodeIgniter\Database\BaseConnection->query('SELECT *\nFROM `...', Array, false)
#3 D:\Kumpulan Project IT\Project Web\koperasi-samara\system\Model.php(330): CodeIgniter\Database\BaseBuilder->get()
#4 D:\Kumpulan Project IT\Project Web\koperasi-samara\system\BaseModel.php(715): CodeIgniter\Model->doFirst()
#5 D:\Kumpulan Project IT\Project Web\koperasi-samara\app\Controllers\Auth.php(49): CodeIgniter\BaseModel->first()
#6 D:\Kumpulan Project IT\Project Web\koperasi-samara\system\CodeIgniter.php(933): App\Controllers\Auth->doLogin()
#7 D:\Kumpulan Project IT\Project Web\koperasi-samara\system\CodeIgniter.php(507): CodeIgniter\CodeIgniter->runController(Object(App\Controllers\Auth))
#8 D:\Kumpulan Project IT\Project Web\koperasi-samara\system\CodeIgniter.php(354): CodeIgniter\CodeIgniter->handleRequest(NULL, Object(Config\Cache), false)
#9 D:\Kumpulan Project IT\Project Web\koperasi-samara\system\Boot.php(363): CodeIgniter\CodeIgniter->run()
#10 D:\Kumpulan Project IT\Project Web\koperasi-samara\system\Boot.php(68): CodeIgniter\Boot::runCodeIgniter(Object(CodeIgniter\CodeIgniter))
#11 D:\Kumpulan Project IT\Project Web\koperasi-samara\public\index.php(59): CodeIgniter\Boot::bootWeb(Object(Config\Paths))
#12 D:\Kumpulan Project IT\Project Web\koperasi-samara\system\rewrite.php(44): require_once('D:\\Kumpulan Pro...')
#13 {main}
CRITICAL - 2026-07-23 06:16:14 --> CodeIgniter\Database\Exceptions\DatabaseException: Unable to connect to the database.
Main connection [MySQLi]: Unknown database 'koperasi_samara'
[Method: POST, Route: auth/doLogin]
in SYSTEMPATH\Database\BaseConnection.php on line 465.
 1 SYSTEMPATH\Database\BaseConnection.php(614): CodeIgniter\Database\BaseConnection->initialize()
 2 SYSTEMPATH\Database\BaseBuilder.php(1649): CodeIgniter\Database\BaseConnection->query('SELECT *
FROM `users`
WHERE `username` = :username:
 LIMIT 1', [...], false)
 3 SYSTEMPATH\Model.php(330): CodeIgniter\Database\BaseBuilder->get()
 4 SYSTEMPATH\BaseModel.php(715): CodeIgniter\Model->doFirst()
 5 APPPATH\Controllers\Auth.php(49): CodeIgniter\BaseModel->first()
 6 SYSTEMPATH\CodeIgniter.php(933): App\Controllers\Auth->doLogin()
 7 SYSTEMPATH\CodeIgniter.php(507): CodeIgniter\CodeIgniter->runController(Object(App\Controllers\Auth))
 8 SYSTEMPATH\CodeIgniter.php(354): CodeIgniter\CodeIgniter->handleRequest(null, Object(Config\Cache), false)
 9 SYSTEMPATH\Boot.php(363): CodeIgniter\CodeIgniter->run()
10 SYSTEMPATH\Boot.php(68): CodeIgniter\Boot::runCodeIgniter(Object(CodeIgniter\CodeIgniter))
11 FCPATH\index.php(59): CodeIgniter\Boot::bootWeb(Object(Config\Paths))
12 SYSTEMPATH\rewrite.php(44): require_once('D:\\Kumpulan Project IT\\Project Web\\koperasi-samara\\public\\index.php')
ERROR - 2026-07-23 06:17:53 --> Error connecting to the database: mysqli_sql_exception: Unknown database 'koperasi_samara' in D:\Kumpulan Project IT\Project Web\koperasi-samara\system\Database\MySQLi\Connection.php:201
Stack trace:
#0 D:\Kumpulan Project IT\Project Web\koperasi-samara\system\Database\MySQLi\Connection.php(201): mysqli->real_connect('localhost', 'root', Object(SensitiveParameterValue), 'koperasi_samara', 3306, '', 0)
#1 D:\Kumpulan Project IT\Project Web\koperasi-samara\system\Database\BaseConnection.php(419): CodeIgniter\Database\MySQLi\Connection->connect(false)
#2 D:\Kumpulan Project IT\Project Web\koperasi-samara\system\Database\BaseConnection.php(614): CodeIgniter\Database\BaseConnection->initialize()
#3 D:\Kumpulan Project IT\Project Web\koperasi-samara\system\Database\BaseBuilder.php(1649): CodeIgniter\Database\BaseConnection->query('SELECT *\nFROM `...', Array, false)
#4 D:\Kumpulan Project IT\Project Web\koperasi-samara\system\Model.php(330): CodeIgniter\Database\BaseBuilder->get()
#5 D:\Kumpulan Project IT\Project Web\koperasi-samara\system\BaseModel.php(715): CodeIgniter\Model->doFirst()
#6 D:\Kumpulan Project IT\Project Web\koperasi-samara\app\Controllers\Auth.php(49): CodeIgniter\BaseModel->first()
#7 D:\Kumpulan Project IT\Project Web\koperasi-samara\system\CodeIgniter.php(933): App\Controllers\Auth->doLogin()
#8 D:\Kumpulan Project IT\Project Web\koperasi-samara\system\CodeIgniter.php(507): CodeIgniter\CodeIgniter->runController(Object(App\Controllers\Auth))
#9 D:\Kumpulan Project IT\Project Web\koperasi-samara\system\CodeIgniter.php(354): CodeIgniter\CodeIgniter->handleRequest(NULL, Object(Config\Cache), false)
#10 D:\Kumpulan Project IT\Project Web\koperasi-samara\system\Boot.php(363): CodeIgniter\CodeIgniter->run()
#11 D:\Kumpulan Project IT\Project Web\koperasi-samara\system\Boot.php(68): CodeIgniter\Boot::runCodeIgniter(Object(CodeIgniter\CodeIgniter))
#12 D:\Kumpulan Project IT\Project Web\koperasi-samara\public\index.php(59): CodeIgniter\Boot::bootWeb(Object(Config\Paths))
#13 D:\Kumpulan Project IT\Project Web\koperasi-samara\system\rewrite.php(44): require_once('D:\\Kumpulan Pro...')
#14 {main}

Next CodeIgniter\Database\Exceptions\DatabaseException: Unknown database 'koperasi_samara' in D:\Kumpulan Project IT\Project Web\koperasi-samara\system\Database\MySQLi\Connection.php:246
Stack trace:
#0 D:\Kumpulan Project IT\Project Web\koperasi-samara\system\Database\BaseConnection.php(419): CodeIgniter\Database\MySQLi\Connection->connect(false)
#1 D:\Kumpulan Project IT\Project Web\koperasi-samara\system\Database\BaseConnection.php(614): CodeIgniter\Database\BaseConnection->initialize()
#2 D:\Kumpulan Project IT\Project Web\koperasi-samara\system\Database\BaseBuilder.php(1649): CodeIgniter\Database\BaseConnection->query('SELECT *\nFROM `...', Array, false)
#3 D:\Kumpulan Project IT\Project Web\koperasi-samara\system\Model.php(330): CodeIgniter\Database\BaseBuilder->get()
#4 D:\Kumpulan Project IT\Project Web\koperasi-samara\system\BaseModel.php(715): CodeIgniter\Model->doFirst()
#5 D:\Kumpulan Project IT\Project Web\koperasi-samara\app\Controllers\Auth.php(49): CodeIgniter\BaseModel->first()
#6 D:\Kumpulan Project IT\Project Web\koperasi-samara\system\CodeIgniter.php(933): App\Controllers\Auth->doLogin()
#7 D:\Kumpulan Project IT\Project Web\koperasi-samara\system\CodeIgniter.php(507): CodeIgniter\CodeIgniter->runController(Object(App\Controllers\Auth))
#8 D:\Kumpulan Project IT\Project Web\koperasi-samara\system\CodeIgniter.php(354): CodeIgniter\CodeIgniter->handleRequest(NULL, Object(Config\Cache), false)
#9 D:\Kumpulan Project IT\Project Web\koperasi-samara\system\Boot.php(363): CodeIgniter\CodeIgniter->run()
#10 D:\Kumpulan Project IT\Project Web\koperasi-samara\system\Boot.php(68): CodeIgniter\Boot::runCodeIgniter(Object(CodeIgniter\CodeIgniter))
#11 D:\Kumpulan Project IT\Project Web\koperasi-samara\public\index.php(59): CodeIgniter\Boot::bootWeb(Object(Config\Paths))
#12 D:\Kumpulan Project IT\Project Web\koperasi-samara\system\rewrite.php(44): require_once('D:\\Kumpulan Pro...')
#13 {main}
CRITICAL - 2026-07-23 06:17:53 --> CodeIgniter\Database\Exceptions\DatabaseException: Unable to connect to the database.
Main connection [MySQLi]: Unknown database 'koperasi_samara'
[Method: POST, Route: auth/doLogin]
in SYSTEMPATH\Database\BaseConnection.php on line 465.
 1 SYSTEMPATH\Database\BaseConnection.php(614): CodeIgniter\Database\BaseConnection->initialize()
 2 SYSTEMPATH\Database\BaseBuilder.php(1649): CodeIgniter\Database\BaseConnection->query('SELECT *
FROM `users`
WHERE `username` = :username:
 LIMIT 1', [...], false)
 3 SYSTEMPATH\Model.php(330): CodeIgniter\Database\BaseBuilder->get()
 4 SYSTEMPATH\BaseModel.php(715): CodeIgniter\Model->doFirst()
 5 APPPATH\Controllers\Auth.php(49): CodeIgniter\BaseModel->first()
 6 SYSTEMPATH\CodeIgniter.php(933): App\Controllers\Auth->doLogin()
 7 SYSTEMPATH\CodeIgniter.php(507): CodeIgniter\CodeIgniter->runController(Object(App\Controllers\Auth))
 8 SYSTEMPATH\CodeIgniter.php(354): CodeIgniter\CodeIgniter->handleRequest(null, Object(Config\Cache), false)
 9 SYSTEMPATH\Boot.php(363): CodeIgniter\CodeIgniter->run()
10 SYSTEMPATH\Boot.php(68): CodeIgniter\Boot::runCodeIgniter(Object(CodeIgniter\CodeIgniter))
11 FCPATH\index.php(59): CodeIgniter\Boot::bootWeb(Object(Config\Paths))
12 SYSTEMPATH\rewrite.php(44): require_once('D:\\Kumpulan Project IT\\Project Web\\koperasi-samara\\public\\index.php')
DEBUG - 2026-07-23 06:18:52 --> Session: Class initialized using 'CodeIgniter\Session\Handlers\FileHandler' driver.
ERROR - 2026-07-23 06:19:16 --> Error connecting to the database: mysqli_sql_exception: Unknown database 'koperasi_samara' in D:\Kumpulan Project IT\Project Web\koperasi-samara\system\Database\MySQLi\Connection.php:201
Stack trace:
#0 D:\Kumpulan Project IT\Project Web\koperasi-samara\system\Database\MySQLi\Connection.php(201): mysqli->real_connect('localhost', 'root', Object(SensitiveParameterValue), 'koperasi_samara', 3306, '', 0)
#1 D:\Kumpulan Project IT\Project Web\koperasi-samara\system\Database\BaseConnection.php(419): CodeIgniter\Database\MySQLi\Connection->connect(false)
#2 D:\Kumpulan Project IT\Project Web\koperasi-samara\system\Database\BaseConnection.php(614): CodeIgniter\Database\BaseConnection->initialize()
#3 D:\Kumpulan Project IT\Project Web\koperasi-samara\system\Database\BaseBuilder.php(1649): CodeIgniter\Database\BaseConnection->query('SELECT *\nFROM `...', Array, false)
#4 D:\Kumpulan Project IT\Project Web\koperasi-samara\system\Model.php(330): CodeIgniter\Database\BaseBuilder->get()
#5 D:\Kumpulan Project IT\Project Web\koperasi-samara\system\BaseModel.php(715): CodeIgniter\Model->doFirst()
#6 D:\Kumpulan Project IT\Project Web\koperasi-samara\app\Controllers\Auth.php(49): CodeIgniter\BaseModel->first()
#7 D:\Kumpulan Project IT\Project Web\koperasi-samara\system\CodeIgniter.php(933): App\Controllers\Auth->doLogin()
#8 D:\Kumpulan Project IT\Project Web\koperasi-samara\system\CodeIgniter.php(507): CodeIgniter\CodeIgniter->runController(Object(App\Controllers\Auth))
#9 D:\Kumpulan Project IT\Project Web\koperasi-samara\system\CodeIgniter.php(354): CodeIgniter\CodeIgniter->handleRequest(NULL, Object(Config\Cache), false)
#10 D:\Kumpulan Project IT\Project Web\koperasi-samara\system\Boot.php(363): CodeIgniter\CodeIgniter->run()
#11 D:\Kumpulan Project IT\Project Web\koperasi-samara\system\Boot.php(68): CodeIgniter\Boot::runCodeIgniter(Object(CodeIgniter\CodeIgniter))
#12 D:\Kumpulan Project IT\Project Web\koperasi-samara\public\index.php(59): CodeIgniter\Boot::bootWeb(Object(Config\Paths))
#13 D:\Kumpulan Project IT\Project Web\koperasi-samara\system\rewrite.php(44): require_once('D:\\Kumpulan Pro...')
#14 {main}

Next CodeIgniter\Database\Exceptions\DatabaseException: Unknown database 'koperasi_samara' in D:\Kumpulan Project IT\Project Web\koperasi-samara\system\Database\MySQLi\Connection.php:246
Stack trace:
#0 D:\Kumpulan Project IT\Project Web\koperasi-samara\system\Database\BaseConnection.php(419): CodeIgniter\Database\MySQLi\Connection->connect(false)
#1 D:\Kumpulan Project IT\Project Web\koperasi-samara\system\Database\BaseConnection.php(614): CodeIgniter\Database\BaseConnection->initialize()
#2 D:\Kumpulan Project IT\Project Web\koperasi-samara\system\Database\BaseBuilder.php(1649): CodeIgniter\Database\BaseConnection->query('SELECT *\nFROM `...', Array, false)
#3 D:\Kumpulan Project IT\Project Web\koperasi-samara\system\Model.php(330): CodeIgniter\Database\BaseBuilder->get()
#4 D:\Kumpulan Project IT\Project Web\koperasi-samara\system\BaseModel.php(715): CodeIgniter\Model->doFirst()
#5 D:\Kumpulan Project IT\Project Web\koperasi-samara\app\Controllers\Auth.php(49): CodeIgniter\BaseModel->first()
#6 D:\Kumpulan Project IT\Project Web\koperasi-samara\system\CodeIgniter.php(933): App\Controllers\Auth->doLogin()
#7 D:\Kumpulan Project IT\Project Web\koperasi-samara\system\CodeIgniter.php(507): CodeIgniter\CodeIgniter->runController(Object(App\Controllers\Auth))
#8 D:\Kumpulan Project IT\Project Web\koperasi-samara\system\CodeIgniter.php(354): CodeIgniter\CodeIgniter->handleRequest(NULL, Object(Config\Cache), false)
#9 D:\Kumpulan Project IT\Project Web\koperasi-samara\system\Boot.php(363): CodeIgniter\CodeIgniter->run()
#10 D:\Kumpulan Project IT\Project Web\koperasi-samara\system\Boot.php(68): CodeIgniter\Boot::runCodeIgniter(Object(CodeIgniter\CodeIgniter))
#11 D:\Kumpulan Project IT\Project Web\koperasi-samara\public\index.php(59): CodeIgniter\Boot::bootWeb(Object(Config\Paths))
#12 D:\Kumpulan Project IT\Project Web\koperasi-samara\system\rewrite.php(44): require_once('D:\\Kumpulan Pro...')
#13 {main}
CRITICAL - 2026-07-23 06:19:16 --> CodeIgniter\Database\Exceptions\DatabaseException: Unable to connect to the database.
Main connection [MySQLi]: Unknown database 'koperasi_samara'
[Method: POST, Route: auth/doLogin]
in SYSTEMPATH\Database\BaseConnection.php on line 465.
 1 SYSTEMPATH\Database\BaseConnection.php(614): CodeIgniter\Database\BaseConnection->initialize()
 2 SYSTEMPATH\Database\BaseBuilder.php(1649): CodeIgniter\Database\BaseConnection->query('SELECT *
FROM `users`
WHERE `username` = :username:
 LIMIT 1', [...], false)
 3 SYSTEMPATH\Model.php(330): CodeIgniter\Database\BaseBuilder->get()
 4 SYSTEMPATH\BaseModel.php(715): CodeIgniter\Model->doFirst()
 5 APPPATH\Controllers\Auth.php(49): CodeIgniter\BaseModel->first()
 6 SYSTEMPATH\CodeIgniter.php(933): App\Controllers\Auth->doLogin()
 7 SYSTEMPATH\CodeIgniter.php(507): CodeIgniter\CodeIgniter->runController(Object(App\Controllers\Auth))
 8 SYSTEMPATH\CodeIgniter.php(354): CodeIgniter\CodeIgniter->handleRequest(null, Object(Config\Cache), false)
 9 SYSTEMPATH\Boot.php(363): CodeIgniter\CodeIgniter->run()
10 SYSTEMPATH\Boot.php(68): CodeIgniter\Boot::runCodeIgniter(Object(CodeIgniter\CodeIgniter))
11 FCPATH\index.php(59): CodeIgniter\Boot::bootWeb(Object(Config\Paths))
12 SYSTEMPATH\rewrite.php(44): require_once('D:\\Kumpulan Project IT\\Project Web\\koperasi-samara\\public\\index.php')
ERROR - 2026-07-23 06:21:53 --> Error connecting to the database: mysqli_sql_exception: Unknown database 'koperasi_samara' in D:\Kumpulan Project IT\Project Web\koperasi-samara\system\Database\MySQLi\Connection.php:201
Stack trace:
#0 D:\Kumpulan Project IT\Project Web\koperasi-samara\system\Database\MySQLi\Connection.php(201): mysqli->real_connect('localhost', 'root', Object(SensitiveParameterValue), 'koperasi_samara', 3306, '', 0)
#1 D:\Kumpulan Project IT\Project Web\koperasi-samara\system\Database\BaseConnection.php(419): CodeIgniter\Database\MySQLi\Connection->connect(false)
#2 D:\Kumpulan Project IT\Project Web\koperasi-samara\system\Database\BaseConnection.php(614): CodeIgniter\Database\BaseConnection->initialize()
#3 D:\Kumpulan Project IT\Project Web\koperasi-samara\system\Database\BaseBuilder.php(1649): CodeIgniter\Database\BaseConnection->query('SELECT *\nFROM `...', Array, false)
#4 D:\Kumpulan Project IT\Project Web\koperasi-samara\system\Model.php(330): CodeIgniter\Database\BaseBuilder->get()
#5 D:\Kumpulan Project IT\Project Web\koperasi-samara\system\BaseModel.php(715): CodeIgniter\Model->doFirst()
#6 D:\Kumpulan Project IT\Project Web\koperasi-samara\app\Controllers\Auth.php(49): CodeIgniter\BaseModel->first()
#7 D:\Kumpulan Project IT\Project Web\koperasi-samara\system\CodeIgniter.php(933): App\Controllers\Auth->doLogin()
#8 D:\Kumpulan Project IT\Project Web\koperasi-samara\system\CodeIgniter.php(507): CodeIgniter\CodeIgniter->runController(Object(App\Controllers\Auth))
#9 D:\Kumpulan Project IT\Project Web\koperasi-samara\system\CodeIgniter.php(354): CodeIgniter\CodeIgniter->handleRequest(NULL, Object(Config\Cache), false)
#10 D:\Kumpulan Project IT\Project Web\koperasi-samara\system\Boot.php(363): CodeIgniter\CodeIgniter->run()
#11 D:\Kumpulan Project IT\Project Web\koperasi-samara\system\Boot.php(68): CodeIgniter\Boot::runCodeIgniter(Object(CodeIgniter\CodeIgniter))
#12 D:\Kumpulan Project IT\Project Web\koperasi-samara\public\index.php(59): CodeIgniter\Boot::bootWeb(Object(Config\Paths))
#13 D:\Kumpulan Project IT\Project Web\koperasi-samara\system\rewrite.php(44): require_once('D:\\Kumpulan Pro...')
#14 {main}

Next CodeIgniter\Database\Exceptions\DatabaseException: Unknown database 'koperasi_samara' in D:\Kumpulan Project IT\Project Web\koperasi-samara\system\Database\MySQLi\Connection.php:246
Stack trace:
#0 D:\Kumpulan Project IT\Project Web\koperasi-samara\system\Database\BaseConnection.php(419): CodeIgniter\Database\MySQLi\Connection->connect(false)
#1 D:\Kumpulan Project IT\Project Web\koperasi-samara\system\Database\BaseConnection.php(614): CodeIgniter\Database\BaseConnection->initialize()
#2 D:\Kumpulan Project IT\Project Web\koperasi-samara\system\Database\BaseBuilder.php(1649): CodeIgniter\Database\BaseConnection->query('SELECT *\nFROM `...', Array, false)
#3 D:\Kumpulan Project IT\Project Web\koperasi-samara\system\Model.php(330): CodeIgniter\Database\BaseBuilder->get()
#4 D:\Kumpulan Project IT\Project Web\koperasi-samara\system\BaseModel.php(715): CodeIgniter\Model->doFirst()
#5 D:\Kumpulan Project IT\Project Web\koperasi-samara\app\Controllers\Auth.php(49): CodeIgniter\BaseModel->first()
#6 D:\Kumpulan Project IT\Project Web\koperasi-samara\system\CodeIgniter.php(933): App\Controllers\Auth->doLogin()
#7 D:\Kumpulan Project IT\Project Web\koperasi-samara\system\CodeIgniter.php(507): CodeIgniter\CodeIgniter->runController(Object(App\Controllers\Auth))
#8 D:\Kumpulan Project IT\Project Web\koperasi-samara\system\CodeIgniter.php(354): CodeIgniter\CodeIgniter->handleRequest(NULL, Object(Config\Cache), false)
#9 D:\Kumpulan Project IT\Project Web\koperasi-samara\system\Boot.php(363): CodeIgniter\CodeIgniter->run()
#10 D:\Kumpulan Project IT\Project Web\koperasi-samara\system\Boot.php(68): CodeIgniter\Boot::runCodeIgniter(Object(CodeIgniter\CodeIgniter))
#11 D:\Kumpulan Project IT\Project Web\koperasi-samara\public\index.php(59): CodeIgniter\Boot::bootWeb(Object(Config\Paths))
#12 D:\Kumpulan Project IT\Project Web\koperasi-samara\system\rewrite.php(44): require_once('D:\\Kumpulan Pro...')
#13 {main}
CRITICAL - 2026-07-23 06:21:53 --> CodeIgniter\Database\Exceptions\DatabaseException: Unable to connect to the database.
Main connection [MySQLi]: Unknown database 'koperasi_samara'
[Method: POST, Route: auth/doLogin]
in SYSTEMPATH\Database\BaseConnection.php on line 465.
 1 SYSTEMPATH\Database\BaseConnection.php(614): CodeIgniter\Database\BaseConnection->initialize()
 2 SYSTEMPATH\Database\BaseBuilder.php(1649): CodeIgniter\Database\BaseConnection->query('SELECT *
FROM `users`
WHERE `username` = :username:
 LIMIT 1', [...], false)
 3 SYSTEMPATH\Model.php(330): CodeIgniter\Database\BaseBuilder->get()
 4 SYSTEMPATH\BaseModel.php(715): CodeIgniter\Model->doFirst()
 5 APPPATH\Controllers\Auth.php(49): CodeIgniter\BaseModel->first()
 6 SYSTEMPATH\CodeIgniter.php(933): App\Controllers\Auth->doLogin()
 7 SYSTEMPATH\CodeIgniter.php(507): CodeIgniter\CodeIgniter->runController(Object(App\Controllers\Auth))
 8 SYSTEMPATH\CodeIgniter.php(354): CodeIgniter\CodeIgniter->handleRequest(null, Object(Config\Cache), false)
 9 SYSTEMPATH\Boot.php(363): CodeIgniter\CodeIgniter->run()
10 SYSTEMPATH\Boot.php(68): CodeIgniter\Boot::runCodeIgniter(Object(CodeIgniter\CodeIgniter))
11 FCPATH\index.php(59): CodeIgniter\Boot::bootWeb(Object(Config\Paths))
12 SYSTEMPATH\rewrite.php(44): require_once('D:\\Kumpulan Project IT\\Project Web\\koperasi-samara\\public\\index.php')
DEBUG - 2026-07-23 06:22:33 --> Session: Class initialized using 'CodeIgniter\Session\Handlers\FileHandler' driver.
ERROR - 2026-07-23 06:22:43 --> Error connecting to the database: mysqli_sql_exception: Unknown database 'koperasi_samara' in D:\Kumpulan Project IT\Project Web\koperasi-samara\system\Database\MySQLi\Connection.php:201
Stack trace:
#0 D:\Kumpulan Project IT\Project Web\koperasi-samara\system\Database\MySQLi\Connection.php(201): mysqli->real_connect('localhost', 'root', Object(SensitiveParameterValue), 'koperasi_samara', 3306, '', 0)
#1 D:\Kumpulan Project IT\Project Web\koperasi-samara\system\Database\BaseConnection.php(419): CodeIgniter\Database\MySQLi\Connection->connect(false)
#2 D:\Kumpulan Project IT\Project Web\koperasi-samara\system\Database\BaseConnection.php(614): CodeIgniter\Database\BaseConnection->initialize()
#3 D:\Kumpulan Project IT\Project Web\koperasi-samara\system\Database\BaseBuilder.php(1649): CodeIgniter\Database\BaseConnection->query('SELECT *\nFROM `...', Array, false)
#4 D:\Kumpulan Project IT\Project Web\koperasi-samara\system\Model.php(330): CodeIgniter\Database\BaseBuilder->get()
#5 D:\Kumpulan Project IT\Project Web\koperasi-samara\system\BaseModel.php(715): CodeIgniter\Model->doFirst()
#6 D:\Kumpulan Project IT\Project Web\koperasi-samara\app\Controllers\Auth.php(49): CodeIgniter\BaseModel->first()
#7 D:\Kumpulan Project IT\Project Web\koperasi-samara\system\CodeIgniter.php(933): App\Controllers\Auth->doLogin()
#8 D:\Kumpulan Project IT\Project Web\koperasi-samara\system\CodeIgniter.php(507): CodeIgniter\CodeIgniter->runController(Object(App\Controllers\Auth))
#9 D:\Kumpulan Project IT\Project Web\koperasi-samara\system\CodeIgniter.php(354): CodeIgniter\CodeIgniter->handleRequest(NULL, Object(Config\Cache), false)
#10 D:\Kumpulan Project IT\Project Web\koperasi-samara\system\Boot.php(363): CodeIgniter\CodeIgniter->run()
#11 D:\Kumpulan Project IT\Project Web\koperasi-samara\system\Boot.php(68): CodeIgniter\Boot::runCodeIgniter(Object(CodeIgniter\CodeIgniter))
#12 D:\Kumpulan Project IT\Project Web\koperasi-samara\public\index.php(59): CodeIgniter\Boot::bootWeb(Object(Config\Paths))
#13 D:\Kumpulan Project IT\Project Web\koperasi-samara\system\rewrite.php(44): require_once('D:\\Kumpulan Pro...')
#14 {main}

Next CodeIgniter\Database\Exceptions\DatabaseException: Unknown database 'koperasi_samara' in D:\Kumpulan Project IT\Project Web\koperasi-samara\system\Database\MySQLi\Connection.php:246
Stack trace:
#0 D:\Kumpulan Project IT\Project Web\koperasi-samara\system\Database\BaseConnection.php(419): CodeIgniter\Database\MySQLi\Connection->connect(false)
#1 D:\Kumpulan Project IT\Project Web\koperasi-samara\system\Database\BaseConnection.php(614): CodeIgniter\Database\BaseConnection->initialize()
#2 D:\Kumpulan Project IT\Project Web\koperasi-samara\system\Database\BaseBuilder.php(1649): CodeIgniter\Database\BaseConnection->query('SELECT *\nFROM `...', Array, false)
#3 D:\Kumpulan Project IT\Project Web\koperasi-samara\system\Model.php(330): CodeIgniter\Database\BaseBuilder->get()
#4 D:\Kumpulan Project IT\Project Web\koperasi-samara\system\BaseModel.php(715): CodeIgniter\Model->doFirst()
#5 D:\Kumpulan Project IT\Project Web\koperasi-samara\app\Controllers\Auth.php(49): CodeIgniter\BaseModel->first()
#6 D:\Kumpulan Project IT\Project Web\koperasi-samara\system\CodeIgniter.php(933): App\Controllers\Auth->doLogin()
#7 D:\Kumpulan Project IT\Project Web\koperasi-samara\system\CodeIgniter.php(507): CodeIgniter\CodeIgniter->runController(Object(App\Controllers\Auth))
#8 D:\Kumpulan Project IT\Project Web\koperasi-samara\system\CodeIgniter.php(354): CodeIgniter\CodeIgniter->handleRequest(NULL, Object(Config\Cache), false)
#9 D:\Kumpulan Project IT\Project Web\koperasi-samara\system\Boot.php(363): CodeIgniter\CodeIgniter->run()
#10 D:\Kumpulan Project IT\Project Web\koperasi-samara\system\Boot.php(68): CodeIgniter\Boot::runCodeIgniter(Object(CodeIgniter\CodeIgniter))
#11 D:\Kumpulan Project IT\Project Web\koperasi-samara\public\index.php(59): CodeIgniter\Boot::bootWeb(Object(Config\Paths))
#12 D:\Kumpulan Project IT\Project Web\koperasi-samara\system\rewrite.php(44): require_once('D:\\Kumpulan Pro...')
#13 {main}
CRITICAL - 2026-07-23 06:22:44 --> CodeIgniter\Database\Exceptions\DatabaseException: Unable to connect to the database.
Main connection [MySQLi]: Unknown database 'koperasi_samara'
[Method: POST, Route: auth/doLogin]
in SYSTEMPATH\Database\BaseConnection.php on line 465.
 1 SYSTEMPATH\Database\BaseConnection.php(614): CodeIgniter\Database\BaseConnection->initialize()
 2 SYSTEMPATH\Database\BaseBuilder.php(1649): CodeIgniter\Database\BaseConnection->query('SELECT *
FROM `users`
WHERE `username` = :username:
 LIMIT 1', [...], false)
 3 SYSTEMPATH\Model.php(330): CodeIgniter\Database\BaseBuilder->get()
 4 SYSTEMPATH\BaseModel.php(715): CodeIgniter\Model->doFirst()
 5 APPPATH\Controllers\Auth.php(49): CodeIgniter\BaseModel->first()
 6 SYSTEMPATH\CodeIgniter.php(933): App\Controllers\Auth->doLogin()
 7 SYSTEMPATH\CodeIgniter.php(507): CodeIgniter\CodeIgniter->runController(Object(App\Controllers\Auth))
 8 SYSTEMPATH\CodeIgniter.php(354): CodeIgniter\CodeIgniter->handleRequest(null, Object(Config\Cache), false)
 9 SYSTEMPATH\Boot.php(363): CodeIgniter\CodeIgniter->run()
10 SYSTEMPATH\Boot.php(68): CodeIgniter\Boot::runCodeIgniter(Object(CodeIgniter\CodeIgniter))
11 FCPATH\index.php(59): CodeIgniter\Boot::bootWeb(Object(Config\Paths))
12 SYSTEMPATH\rewrite.php(44): require_once('D:\\Kumpulan Project IT\\Project Web\\koperasi-samara\\public\\index.php')
DEBUG - 2026-07-23 06:26:45 --> Session: Class initialized using 'CodeIgniter\Session\Handlers\FileHandler' driver.
ERROR - 2026-07-23 06:27:08 --> mysqli_sql_exception: MySQL server has gone away in D:\Kumpulan Project IT\Project Web\koperasi-samara\system\Database\MySQLi\Connection.php:327
Stack trace:
#0 D:\Kumpulan Project IT\Project Web\koperasi-samara\system\Database\MySQLi\Connection.php(327): mysqli->query('SELECT *\nFROM `...', 0)
#1 D:\Kumpulan Project IT\Project Web\koperasi-samara\system\Database\BaseConnection.php(729): CodeIgniter\Database\MySQLi\Connection->execute('SELECT *\nFROM `...')
#2 D:\Kumpulan Project IT\Project Web\koperasi-samara\system\Database\BaseConnection.php(646): CodeIgniter\Database\BaseConnection->simpleQuery('SELECT *\nFROM `...')
#3 D:\Kumpulan Project IT\Project Web\koperasi-samara\system\Database\BaseBuilder.php(1649): CodeIgniter\Database\BaseConnection->query('SELECT *\nFROM `...', Array, false)
#4 D:\Kumpulan Project IT\Project Web\koperasi-samara\system\Model.php(330): CodeIgniter\Database\BaseBuilder->get()
#5 D:\Kumpulan Project IT\Project Web\koperasi-samara\system\BaseModel.php(715): CodeIgniter\Model->doFirst()
#6 D:\Kumpulan Project IT\Project Web\koperasi-samara\app\Controllers\Auth.php(49): CodeIgniter\BaseModel->first()
#7 D:\Kumpulan Project IT\Project Web\koperasi-samara\system\CodeIgniter.php(933): App\Controllers\Auth->doLogin()
#8 D:\Kumpulan Project IT\Project Web\koperasi-samara\system\CodeIgniter.php(507): CodeIgniter\CodeIgniter->runController(Object(App\Controllers\Auth))
#9 D:\Kumpulan Project IT\Project Web\koperasi-samara\system\CodeIgniter.php(354): CodeIgniter\CodeIgniter->handleRequest(NULL, Object(Config\Cache), false)
#10 D:\Kumpulan Project IT\Project Web\koperasi-samara\system\Boot.php(363): CodeIgniter\CodeIgniter->run()
#11 D:\Kumpulan Project IT\Project Web\koperasi-samara\system\Boot.php(68): CodeIgniter\Boot::runCodeIgniter(Object(CodeIgniter\CodeIgniter))
#12 D:\Kumpulan Project IT\Project Web\koperasi-samara\public\index.php(59): CodeIgniter\Boot::bootWeb(Object(Config\Paths))
#13 D:\Kumpulan Project IT\Project Web\koperasi-samara\system\rewrite.php(44): require_once('D:\\Kumpulan Pro...')
#14 {main}
CRITICAL - 2026-07-23 06:27:08 --> CodeIgniter\Database\Exceptions\DatabaseException: MySQL server has gone away
[Method: POST, Route: auth/doLogin]
in SYSTEMPATH\Database\BaseConnection.php on line 684.
 1 SYSTEMPATH\Database\BaseBuilder.php(1649): CodeIgniter\Database\BaseConnection->query('SELECT *
FROM `users`
WHERE `username` = :username:
 LIMIT 1', [...], false)
 2 SYSTEMPATH\Model.php(330): CodeIgniter\Database\BaseBuilder->get()
 3 SYSTEMPATH\BaseModel.php(715): CodeIgniter\Model->doFirst()
 4 APPPATH\Controllers\Auth.php(49): CodeIgniter\BaseModel->first()
 5 SYSTEMPATH\CodeIgniter.php(933): App\Controllers\Auth->doLogin()
 6 SYSTEMPATH\CodeIgniter.php(507): CodeIgniter\CodeIgniter->runController(Object(App\Controllers\Auth))
 7 SYSTEMPATH\CodeIgniter.php(354): CodeIgniter\CodeIgniter->handleRequest(null, Object(Config\Cache), false)
 8 SYSTEMPATH\Boot.php(363): CodeIgniter\CodeIgniter->run()
 9 SYSTEMPATH\Boot.php(68): CodeIgniter\Boot::runCodeIgniter(Object(CodeIgniter\CodeIgniter))
10 FCPATH\index.php(59): CodeIgniter\Boot::bootWeb(Object(Config\Paths))
11 SYSTEMPATH\rewrite.php(44): require_once('D:\\Kumpulan Project IT\\Project Web\\koperasi-samara\\public\\index.php')
CRITICAL - 2026-07-23 06:27:08 --> [Caused by] CodeIgniter\Database\Exceptions\DatabaseException: MySQL server has gone away
in SYSTEMPATH\Database\MySQLi\Connection.php on line 332.
 1 SYSTEMPATH\Database\BaseConnection.php(729): CodeIgniter\Database\MySQLi\Connection->execute('SELECT *
FROM `users`
WHERE `username` = \'dre\'
 LIMIT 1')
 2 SYSTEMPATH\Database\BaseConnection.php(646): CodeIgniter\Database\BaseConnection->simpleQuery('SELECT *
FROM `users`
WHERE `username` = \'dre\'
 LIMIT 1')
 3 SYSTEMPATH\Database\BaseBuilder.php(1649): CodeIgniter\Database\BaseConnection->query('SELECT *
FROM `users`
WHERE `username` = :username:
 LIMIT 1', [...], false)
 4 SYSTEMPATH\Model.php(330): CodeIgniter\Database\BaseBuilder->get()
 5 SYSTEMPATH\BaseModel.php(715): CodeIgniter\Model->doFirst()
 6 APPPATH\Controllers\Auth.php(49): CodeIgniter\BaseModel->first()
 7 SYSTEMPATH\CodeIgniter.php(933): App\Controllers\Auth->doLogin()
 8 SYSTEMPATH\CodeIgniter.php(507): CodeIgniter\CodeIgniter->runController(Object(App\Controllers\Auth))
 9 SYSTEMPATH\CodeIgniter.php(354): CodeIgniter\CodeIgniter->handleRequest(null, Object(Config\Cache), false)
10 SYSTEMPATH\Boot.php(363): CodeIgniter\CodeIgniter->run()
11 SYSTEMPATH\Boot.php(68): CodeIgniter\Boot::runCodeIgniter(Object(CodeIgniter\CodeIgniter))
12 FCPATH\index.php(59): CodeIgniter\Boot::bootWeb(Object(Config\Paths))
13 SYSTEMPATH\rewrite.php(44): require_once('D:\\Kumpulan Project IT\\Project Web\\koperasi-samara\\public\\index.php')
CRITICAL - 2026-07-23 06:27:08 --> [Caused by] mysqli_sql_exception: MySQL server has gone away
in SYSTEMPATH\Database\MySQLi\Connection.php on line 327.
 1 SYSTEMPATH\Database\MySQLi\Connection.php(327): mysqli->query('SELECT *
FROM `users`
WHERE `username` = \'dre\'
 LIMIT 1', 0)
 2 SYSTEMPATH\Database\BaseConnection.php(729): CodeIgniter\Database\MySQLi\Connection->execute('SELECT *
FROM `users`
WHERE `username` = \'dre\'
 LIMIT 1')
 3 SYSTEMPATH\Database\BaseConnection.php(646): CodeIgniter\Database\BaseConnection->simpleQuery('SELECT *
FROM `users`
WHERE `username` = \'dre\'
 LIMIT 1')
 4 SYSTEMPATH\Database\BaseBuilder.php(1649): CodeIgniter\Database\BaseConnection->query('SELECT *
FROM `users`
WHERE `username` = :username:
 LIMIT 1', [...], false)
 5 SYSTEMPATH\Model.php(330): CodeIgniter\Database\BaseBuilder->get()
 6 SYSTEMPATH\BaseModel.php(715): CodeIgniter\Model->doFirst()
 7 APPPATH\Controllers\Auth.php(49): CodeIgniter\BaseModel->first()
 8 SYSTEMPATH\CodeIgniter.php(933): App\Controllers\Auth->doLogin()
 9 SYSTEMPATH\CodeIgniter.php(507): CodeIgniter\CodeIgniter->runController(Object(App\Controllers\Auth))
10 SYSTEMPATH\CodeIgniter.php(354): CodeIgniter\CodeIgniter->handleRequest(null, Object(Config\Cache), false)
11 SYSTEMPATH\Boot.php(363): CodeIgniter\CodeIgniter->run()
12 SYSTEMPATH\Boot.php(68): CodeIgniter\Boot::runCodeIgniter(Object(CodeIgniter\CodeIgniter))
13 FCPATH\index.php(59): CodeIgniter\Boot::bootWeb(Object(Config\Paths))
14 SYSTEMPATH\rewrite.php(44): require_once('D:\\Kumpulan Project IT\\Project Web\\koperasi-samara\\public\\index.php')
DEBUG - 2026-07-23 06:29:50 --> Session: Class initialized using 'CodeIgniter\Session\Handlers\FileHandler' driver.
DEBUG - 2026-07-23 06:29:55 --> Session: Class initialized using 'CodeIgniter\Session\Handlers\FileHandler' driver.
DEBUG - 2026-07-23 06:29:55 --> Session: Class initialized using 'CodeIgniter\Session\Handlers\FileHandler' driver.
DEBUG - 2026-07-23 06:30:08 --> Session: Class initialized using 'CodeIgniter\Session\Handlers\FileHandler' driver.
DEBUG - 2026-07-23 06:30:09 --> Session: Class initialized using 'CodeIgniter\Session\Handlers\FileHandler' driver.
DEBUG - 2026-07-23 06:30:10 --> Session: Class initialized using 'CodeIgniter\Session\Handlers\FileHandler' driver.
DEBUG - 2026-07-23 06:30:17 --> Session: Class initialized using 'CodeIgniter\Session\Handlers\FileHandler' driver.
DEBUG - 2026-07-23 06:30:17 --> Session: Class initialized using 'CodeIgniter\Session\Handlers\FileHandler' driver.
DEBUG - 2026-07-23 06:31:26 --> Session: Class initialized using 'CodeIgniter\Session\Handlers\FileHandler' driver.
DEBUG - 2026-07-23 06:36:06 --> Session: Class initialized using 'CodeIgniter\Session\Handlers\FileHandler' driver.
DEBUG - 2026-07-23 06:41:39 --> Session: Class initialized using 'CodeIgniter\Session\Handlers\FileHandler' driver.
DEBUG - 2026-07-23 06:41:48 --> Session: Class initialized using 'CodeIgniter\Session\Handlers\FileHandler' driver.
DEBUG - 2026-07-23 06:41:48 --> === DETAIL ANGGOTA - HITUNG SISA ANGSURAN START ===
DEBUG - 2026-07-23 06:41:48 --> ID Anggota: 40
DEBUG - 2026-07-23 06:41:48 --> Qard aktif ditemukan: 0
DEBUG - 2026-07-23 06:41:48 --> Murabahah aktif ditemukan: 0
DEBUG - 2026-07-23 06:41:48 --> Mudharabah aktif ditemukan: 0
DEBUG - 2026-07-23 06:41:48 --> Tidak ada pembiayaan aktif, sisa angsuran = 0
DEBUG - 2026-07-23 06:41:48 --> Total sisa angsuran: 0
DEBUG - 2026-07-23 06:41:48 --> === DETAIL ANGGOTA - HITUNG SISA ANGSURAN END ===
DEBUG - 2026-07-23 06:42:19 --> Session: Class initialized using 'CodeIgniter\Session\Handlers\FileHandler' driver.
DEBUG - 2026-07-23 06:42:22 --> Session: Class initialized using 'CodeIgniter\Session\Handlers\FileHandler' driver.
DEBUG - 2026-07-23 06:42:42 --> Session: Class initialized using 'CodeIgniter\Session\Handlers\FileHandler' driver.
DEBUG - 2026-07-23 06:43:22 --> Session: Class initialized using 'CodeIgniter\Session\Handlers\FileHandler' driver.
DEBUG - 2026-07-23 06:43:22 --> === DETAIL ANGGOTA - HITUNG SISA ANGSURAN START ===
DEBUG - 2026-07-23 06:43:22 --> ID Anggota: 40
DEBUG - 2026-07-23 06:43:22 --> Qard aktif ditemukan: 0
DEBUG - 2026-07-23 06:43:22 --> Murabahah aktif ditemukan: 0
DEBUG - 2026-07-23 06:43:22 --> Mudharabah aktif ditemukan: 0
DEBUG - 2026-07-23 06:43:22 --> Tidak ada pembiayaan aktif, sisa angsuran = 0
DEBUG - 2026-07-23 06:43:22 --> Total sisa angsuran: 0
DEBUG - 2026-07-23 06:43:22 --> === DETAIL ANGGOTA - HITUNG SISA ANGSURAN END ===
DEBUG - 2026-07-23 06:43:27 --> Session: Class initialized using 'CodeIgniter\Session\Handlers\FileHandler' driver.
DEBUG - 2026-07-23 06:43:31 --> Session: Class initialized using 'CodeIgniter\Session\Handlers\FileHandler' driver.
DEBUG - 2026-07-23 06:44:50 --> Session: Class initialized using 'CodeIgniter\Session\Handlers\FileHandler' driver.
DEBUG - 2026-07-23 06:45:02 --> Session: Class initialized using 'CodeIgniter\Session\Handlers\FileHandler' driver.
DEBUG - 2026-07-23 06:45:03 --> === DETAIL ANGGOTA - HITUNG SISA ANGSURAN START ===
DEBUG - 2026-07-23 06:45:03 --> ID Anggota: 41
DEBUG - 2026-07-23 06:45:03 --> Qard aktif ditemukan: 0
DEBUG - 2026-07-23 06:45:03 --> Murabahah aktif ditemukan: 0
DEBUG - 2026-07-23 06:45:03 --> Mudharabah aktif ditemukan: 0
DEBUG - 2026-07-23 06:45:03 --> Tidak ada pembiayaan aktif, sisa angsuran = 0
DEBUG - 2026-07-23 06:45:03 --> Total sisa angsuran: 0
DEBUG - 2026-07-23 06:45:03 --> === DETAIL ANGGOTA - HITUNG SISA ANGSURAN END ===
CRITICAL - 2026-07-23 06:45:03 --> DivisionByZeroError: Division by zero
[Method: GET, Route: admin/detail-anggota/41]
in APPPATH\Controllers\AdminDashboard.php on line 2499.
 1 SYSTEMPATH\CodeIgniter.php(933): App\Controllers\AdminDashboard->detailAnggota('41')
 2 SYSTEMPATH\CodeIgniter.php(507): CodeIgniter\CodeIgniter->runController(Object(App\Controllers\AdminDashboard))
 3 SYSTEMPATH\CodeIgniter.php(354): CodeIgniter\CodeIgniter->handleRequest(null, Object(Config\Cache), false)
 4 SYSTEMPATH\Boot.php(363): CodeIgniter\CodeIgniter->run()
 5 SYSTEMPATH\Boot.php(68): CodeIgniter\Boot::runCodeIgniter(Object(CodeIgniter\CodeIgniter))
 6 FCPATH\index.php(59): CodeIgniter\Boot::bootWeb(Object(Config\Paths))
 7 SYSTEMPATH\rewrite.php(44): require_once('D:\\Kumpulan Project IT\\Project Web\\koperasi-samara\\public\\index.php')
DEBUG - 2026-07-23 06:45:09 --> Session: Class initialized using 'CodeIgniter\Session\Handlers\FileHandler' driver.
DEBUG - 2026-07-23 06:46:17 --> Session: Class initialized using 'CodeIgniter\Session\Handlers\FileHandler' driver.
DEBUG - 2026-07-23 06:46:37 --> Session: Class initialized using 'CodeIgniter\Session\Handlers\FileHandler' driver.
DEBUG - 2026-07-23 06:46:38 --> === DETAIL ANGGOTA - HITUNG SISA ANGSURAN START ===
DEBUG - 2026-07-23 06:46:38 --> ID Anggota: 53
DEBUG - 2026-07-23 06:46:38 --> Qard aktif ditemukan: 0
DEBUG - 2026-07-23 06:46:38 --> Murabahah aktif ditemukan: 0
DEBUG - 2026-07-23 06:46:38 --> Mudharabah aktif ditemukan: 0
DEBUG - 2026-07-23 06:46:38 --> Tidak ada pembiayaan aktif, sisa angsuran = 0
DEBUG - 2026-07-23 06:46:38 --> Total sisa angsuran: 0
DEBUG - 2026-07-23 06:46:38 --> === DETAIL ANGGOTA - HITUNG SISA ANGSURAN END ===
DEBUG - 2026-07-23 06:48:46 --> Session: Class initialized using 'CodeIgniter\Session\Handlers\FileHandler' driver.
DEBUG - 2026-07-23 06:48:57 --> Session: Class initialized using 'CodeIgniter\Session\Handlers\FileHandler' driver.
DEBUG - 2026-07-23 06:48:57 --> Session: Class initialized using 'CodeIgniter\Session\Handlers\FileHandler' driver.
DEBUG - 2026-07-23 06:49:01 --> Session: Class initialized using 'CodeIgniter\Session\Handlers\FileHandler' driver.
DEBUG - 2026-07-23 06:49:35 --> Session: Class initialized using 'CodeIgniter\Session\Handlers\FileHandler' driver.
DEBUG - 2026-07-23 06:49:46 --> Session: Class initialized using 'CodeIgniter\Session\Handlers\FileHandler' driver.
DEBUG - 2026-07-23 06:51:45 --> Session: Class initialized using 'CodeIgniter\Session\Handlers\FileHandler' driver.
DEBUG - 2026-07-23 06:51:48 --> Session: Class initialized using 'CodeIgniter\Session\Handlers\FileHandler' driver.
DEBUG - 2026-07-23 06:51:52 --> Session: Class initialized using 'CodeIgniter\Session\Handlers\FileHandler' driver.
DEBUG - 2026-07-23 06:51:54 --> Session: Class initialized using 'CodeIgniter\Session\Handlers\FileHandler' driver.
DEBUG - 2026-07-23 06:52:09 --> Session: Class initialized using 'CodeIgniter\Session\Handlers\FileHandler' driver.
DEBUG - 2026-07-23 06:52:10 --> Session: Class initialized using 'CodeIgniter\Session\Handlers\FileHandler' driver.
DEBUG - 2026-07-23 06:52:12 --> Session: Class initialized using 'CodeIgniter\Session\Handlers\FileHandler' driver.
DEBUG - 2026-07-23 06:52:24 --> Session: Class initialized using 'CodeIgniter\Session\Handlers\FileHandler' driver.
DEBUG - 2026-07-23 06:52:26 --> Session: Class initialized using 'CodeIgniter\Session\Handlers\FileHandler' driver.
DEBUG - 2026-07-23 06:52:27 --> Session: Class initialized using 'CodeIgniter\Session\Handlers\FileHandler' driver.
DEBUG - 2026-07-23 06:52:38 --> Session: Class initialized using 'CodeIgniter\Session\Handlers\FileHandler' driver.
DEBUG - 2026-07-23 06:52:38 --> === DETAIL ANGGOTA - HITUNG SISA ANGSURAN START ===
DEBUG - 2026-07-23 06:52:38 --> ID Anggota: 44
DEBUG - 2026-07-23 06:52:38 --> Qard aktif ditemukan: 0
DEBUG - 2026-07-23 06:52:38 --> Murabahah aktif ditemukan: 0
DEBUG - 2026-07-23 06:52:38 --> Mudharabah aktif ditemukan: 0
DEBUG - 2026-07-23 06:52:38 --> Tidak ada pembiayaan aktif, sisa angsuran = 0
DEBUG - 2026-07-23 06:52:38 --> Total sisa angsuran: 0
DEBUG - 2026-07-23 06:52:38 --> === DETAIL ANGGOTA - HITUNG SISA ANGSURAN END ===
DEBUG - 2026-07-23 06:53:09 --> Session: Class initialized using 'CodeIgniter\Session\Handlers\FileHandler' driver.
DEBUG - 2026-07-23 06:53:10 --> Session: Class initialized using 'CodeIgniter\Session\Handlers\FileHandler' driver.
ERROR - 2026-07-23 07:01:31 --> mysqli_sql_exception: Table 'simpanan' already exists in D:\Kumpulan Project IT\Project Web\koperasi-samara\system\Database\MySQLi\Connection.php:327
Stack trace:
#0 D:\Kumpulan Project IT\Project Web\koperasi-samara\system\Database\MySQLi\Connection.php(327): mysqli->query('CREATE TABLE `s...', 0)
#1 D:\Kumpulan Project IT\Project Web\koperasi-samara\system\Database\BaseConnection.php(729): CodeIgniter\Database\MySQLi\Connection->execute('CREATE TABLE `s...')
#2 D:\Kumpulan Project IT\Project Web\koperasi-samara\system\Database\BaseConnection.php(646): CodeIgniter\Database\BaseConnection->simpleQuery('CREATE TABLE `s...')
#3 D:\Kumpulan Project IT\Project Web\koperasi-samara\system\Database\Forge.php(570): CodeIgniter\Database\BaseConnection->query('CREATE TABLE `s...')
#4 D:\Kumpulan Project IT\Project Web\koperasi-samara\app\Database\Migrations\2025_09_12_000000_create_simpanan_table.php(57): CodeIgniter\Database\Forge->createTable('simpanan')
#5 D:\Kumpulan Project IT\Project Web\koperasi-samara\system\Database\MigrationRunner.php(876): App\Database\Migrations\CreateSimpananTable->up()
#6 D:\Kumpulan Project IT\Project Web\koperasi-samara\system\Database\MigrationRunner.php(182): CodeIgniter\Database\MigrationRunner->migrate('up', Object(stdClass))
#7 D:\Kumpulan Project IT\Project Web\koperasi-samara\system\Commands\Database\Migrate.php(85): CodeIgniter\Database\MigrationRunner->latest(NULL)
#8 D:\Kumpulan Project IT\Project Web\koperasi-samara\system\CLI\Commands.php(74): CodeIgniter\Commands\Database\Migrate->run(Array)
#9 D:\Kumpulan Project IT\Project Web\koperasi-samara\system\CLI\Console.php(47): CodeIgniter\CLI\Commands->run('migrate', Array)
#10 D:\Kumpulan Project IT\Project Web\koperasi-samara\system\Boot.php(388): CodeIgniter\CLI\Console->run()
#11 D:\Kumpulan Project IT\Project Web\koperasi-samara\system\Boot.php(133): CodeIgniter\Boot::runCommand(Object(CodeIgniter\CLI\Console))
#12 D:\Kumpulan Project IT\Project Web\koperasi-samara\spark(87): CodeIgniter\Boot::bootSpark(Object(Config\Paths))
#13 {main}
DEBUG - 2026-07-23 07:03:37 --> Session: Class initialized using 'CodeIgniter\Session\Handlers\FileHandler' driver.
DEBUG - 2026-07-23 07:03:40 --> Session: Class initialized using 'CodeIgniter\Session\Handlers\FileHandler' driver.
DEBUG - 2026-07-23 07:03:50 --> Session: Class initialized using 'CodeIgniter\Session\Handlers\FileHandler' driver.
DEBUG - 2026-07-23 07:03:50 --> Session: Class initialized using 'CodeIgniter\Session\Handlers\FileHandler' driver.
DEBUG - 2026-07-23 07:03:50 --> Session: Class initialized using 'CodeIgniter\Session\Handlers\FileHandler' driver.
DEBUG - 2026-07-23 07:03:51 --> Session: Class initialized using 'CodeIgniter\Session\Handlers\FileHandler' driver.
DEBUG - 2026-07-23 07:03:52 --> Session: Class initialized using 'CodeIgniter\Session\Handlers\FileHandler' driver.
DEBUG - 2026-07-23 07:03:52 --> Session: Class initialized using 'CodeIgniter\Session\Handlers\FileHandler' driver.
DEBUG - 2026-07-23 07:03:53 --> Session: Class initialized using 'CodeIgniter\Session\Handlers\FileHandler' driver.
DEBUG - 2026-07-23 07:04:26 --> Session: Class initialized using 'CodeIgniter\Session\Handlers\FileHandler' driver.
DEBUG - 2026-07-23 07:04:29 --> Session: Class initialized using 'CodeIgniter\Session\Handlers\FileHandler' driver.
DEBUG - 2026-07-23 07:04:53 --> Session: Class initialized using 'CodeIgniter\Session\Handlers\FileHandler' driver.
DEBUG - 2026-07-23 07:10:56 --> Session: Class initialized using 'CodeIgniter\Session\Handlers\FileHandler' driver.
DEBUG - 2026-07-23 07:10:58 --> Session: Class initialized using 'CodeIgniter\Session\Handlers\FileHandler' driver.
DEBUG - 2026-07-23 07:11:08 --> Session: Class initialized using 'CodeIgniter\Session\Handlers\FileHandler' driver.
DEBUG - 2026-07-23 07:11:08 --> Session: Class initialized using 'CodeIgniter\Session\Handlers\FileHandler' driver.
DEBUG - 2026-07-23 07:11:08 --> Session: Class initialized using 'CodeIgniter\Session\Handlers\FileHandler' driver.
DEBUG - 2026-07-23 07:11:16 --> Session: Class initialized using 'CodeIgniter\Session\Handlers\FileHandler' driver.
DEBUG - 2026-07-23 07:11:19 --> Session: Class initialized using 'CodeIgniter\Session\Handlers\FileHandler' driver.
DEBUG - 2026-07-23 07:11:48 --> Session: Class initialized using 'CodeIgniter\Session\Handlers\FileHandler' driver.
DEBUG - 2026-07-23 07:11:59 --> Session: Class initialized using 'CodeIgniter\Session\Handlers\FileHandler' driver.
DEBUG - 2026-07-23 07:11:59 --> === DETAIL ANGGOTA - HITUNG SISA ANGSURAN START ===
DEBUG - 2026-07-23 07:11:59 --> ID Anggota: 40
DEBUG - 2026-07-23 07:11:59 --> Qard aktif ditemukan: 0
DEBUG - 2026-07-23 07:11:59 --> Murabahah aktif ditemukan: 0
DEBUG - 2026-07-23 07:11:59 --> Mudharabah aktif ditemukan: 0
DEBUG - 2026-07-23 07:11:59 --> Tidak ada pembiayaan aktif, sisa angsuran = 0
DEBUG - 2026-07-23 07:11:59 --> Total sisa angsuran: 0
DEBUG - 2026-07-23 07:11:59 --> === DETAIL ANGGOTA - HITUNG SISA ANGSURAN END ===
DEBUG - 2026-07-23 07:13:57 --> Session: Class initialized using 'CodeIgniter\Session\Handlers\FileHandler' driver.
DEBUG - 2026-07-23 07:13:58 --> Session: Class initialized using 'CodeIgniter\Session\Handlers\FileHandler' driver.
DEBUG - 2026-07-23 07:13:59 --> Session: Class initialized using 'CodeIgniter\Session\Handlers\FileHandler' driver.
DEBUG - 2026-07-23 07:14:02 --> Session: Class initialized using 'CodeIgniter\Session\Handlers\FileHandler' driver.
DEBUG - 2026-07-23 07:14:05 --> Session: Class initialized using 'CodeIgniter\Session\Handlers\FileHandler' driver.
ERROR - 2026-07-23 07:14:05 --> mysqli_sql_exception: Column 'id_anggota' in where clause is ambiguous in D:\Kumpulan Project IT\Project Web\koperasi-samara\system\Database\MySQLi\Connection.php:327
Stack trace:
#0 D:\Kumpulan Project IT\Project Web\koperasi-samara\system\Database\MySQLi\Connection.php(327): mysqli->query('SELECT `simpana...', 0)
#1 D:\Kumpulan Project IT\Project Web\koperasi-samara\system\Database\BaseConnection.php(729): CodeIgniter\Database\MySQLi\Connection->execute('SELECT `simpana...')
#2 D:\Kumpulan Project IT\Project Web\koperasi-samara\system\Database\BaseConnection.php(646): CodeIgniter\Database\BaseConnection->simpleQuery('SELECT `simpana...')
#3 D:\Kumpulan Project IT\Project Web\koperasi-samara\system\Database\BaseBuilder.php(1649): CodeIgniter\Database\BaseConnection->query('SELECT `simpana...', Array, false)
#4 D:\Kumpulan Project IT\Project Web\koperasi-samara\app\Controllers\AdminDashboard.php(1087): CodeIgniter\Database\BaseBuilder->get()
#5 D:\Kumpulan Project IT\Project Web\koperasi-samara\system\CodeIgniter.php(933): App\Controllers\AdminDashboard->getSimpananList()
#6 D:\Kumpulan Project IT\Project Web\koperasi-samara\system\CodeIgniter.php(507): CodeIgniter\CodeIgniter->runController(Object(App\Controllers\AdminDashboard))
#7 D:\Kumpulan Project IT\Project Web\koperasi-samara\system\CodeIgniter.php(354): CodeIgniter\CodeIgniter->handleRequest(NULL, Object(Config\Cache), false)
#8 D:\Kumpulan Project IT\Project Web\koperasi-samara\system\Boot.php(363): CodeIgniter\CodeIgniter->run()
#9 D:\Kumpulan Project IT\Project Web\koperasi-samara\system\Boot.php(68): CodeIgniter\Boot::runCodeIgniter(Object(CodeIgniter\CodeIgniter))
#10 D:\Kumpulan Project IT\Project Web\koperasi-samara\public\index.php(59): CodeIgniter\Boot::bootWeb(Object(Config\Paths))
#11 D:\Kumpulan Project IT\Project Web\koperasi-samara\system\rewrite.php(44): require_once('D:\\Kumpulan Pro...')
#12 {main}
ERROR - 2026-07-23 07:14:05 --> Error getSimpananList: Column 'id_anggota' in where clause is ambiguous
DEBUG - 2026-07-23 07:14:10 --> Session: Class initialized using 'CodeIgniter\Session\Handlers\FileHandler' driver.
DEBUG - 2026-07-23 07:14:18 --> Session: Class initialized using 'CodeIgniter\Session\Handlers\FileHandler' driver.
DEBUG - 2026-07-23 07:14:18 --> Session: Class initialized using 'CodeIgniter\Session\Handlers\FileHandler' driver.
DEBUG - 2026-07-23 07:14:18 --> Session: Class initialized using 'CodeIgniter\Session\Handlers\FileHandler' driver.
DEBUG - 2026-07-23 07:14:30 --> Session: Class initialized using 'CodeIgniter\Session\Handlers\FileHandler' driver.
DEBUG - 2026-07-23 07:14:32 --> Session: Class initialized using 'CodeIgniter\Session\Handlers\FileHandler' driver.
DEBUG - 2026-07-23 07:14:45 --> Session: Class initialized using 'CodeIgniter\Session\Handlers\FileHandler' driver.
DEBUG - 2026-07-23 07:14:48 --> Session: Class initialized using 'CodeIgniter\Session\Handlers\FileHandler' driver.
DEBUG - 2026-07-23 07:14:55 --> Session: Class initialized using 'CodeIgniter\Session\Handlers\FileHandler' driver.
DEBUG - 2026-07-23 07:19:07 --> Session: Class initialized using 'CodeIgniter\Session\Handlers\FileHandler' driver.
DEBUG - 2026-07-23 07:19:08 --> Session: Class initialized using 'CodeIgniter\Session\Handlers\FileHandler' driver.
DEBUG - 2026-07-23 07:19:58 --> Session: Class initialized using 'CodeIgniter\Session\Handlers\FileHandler' driver.
DEBUG - 2026-07-23 07:20:00 --> Session: Class initialized using 'CodeIgniter\Session\Handlers\FileHandler' driver.
DEBUG - 2026-07-23 07:20:00 --> Session: Class initialized using 'CodeIgniter\Session\Handlers\FileHandler' driver.
DEBUG - 2026-07-23 07:38:36 --> Session: Class initialized using 'CodeIgniter\Session\Handlers\FileHandler' driver.
DEBUG - 2026-07-23 07:38:41 --> Session: Class initialized using 'CodeIgniter\Session\Handlers\FileHandler' driver.
DEBUG - 2026-07-23 07:38:56 --> Session: Class initialized using 'CodeIgniter\Session\Handlers\FileHandler' driver.
DEBUG - 2026-07-23 07:38:58 --> Session: Class initialized using 'CodeIgniter\Session\Handlers\FileHandler' driver.
DEBUG - 2026-07-23 07:39:03 --> Session: Class initialized using 'CodeIgniter\Session\Handlers\FileHandler' driver.
DEBUG - 2026-07-23 07:39:10 --> Session: Class initialized using 'CodeIgniter\Session\Handlers\FileHandler' driver.
DEBUG - 2026-07-23 07:39:11 --> Session: Class initialized using 'CodeIgniter\Session\Handlers\FileHandler' driver.
DEBUG - 2026-07-23 07:39:11 --> Session: Class initialized using 'CodeIgniter\Session\Handlers\FileHandler' driver.
DEBUG - 2026-07-23 07:43:40 --> Session: Class initialized using 'CodeIgniter\Session\Handlers\FileHandler' driver.
DEBUG - 2026-07-23 07:43:42 --> Session: Class initialized using 'CodeIgniter\Session\Handlers\FileHandler' driver.
DEBUG - 2026-07-23 07:43:55 --> Session: Class initialized using 'CodeIgniter\Session\Handlers\FileHandler' driver.
DEBUG - 2026-07-23 07:43:56 --> Session: Class initialized using 'CodeIgniter\Session\Handlers\FileHandler' driver.
DEBUG - 2026-07-23 07:43:56 --> Session: Class initialized using 'CodeIgniter\Session\Handlers\FileHandler' driver.
DEBUG - 2026-07-23 07:44:16 --> Session: Class initialized using 'CodeIgniter\Session\Handlers\FileHandler' driver.
DEBUG - 2026-07-23 07:44:17 --> Session: Class initialized using 'CodeIgniter\Session\Handlers\FileHandler' driver.
DEBUG - 2026-07-23 07:44:23 --> Session: Class initialized using 'CodeIgniter\Session\Handlers\FileHandler' driver.
DEBUG - 2026-07-23 07:44:24 --> Session: Class initialized using 'CodeIgniter\Session\Handlers\FileHandler' driver.
DEBUG - 2026-07-23 07:44:24 --> Session: Class initialized using 'CodeIgniter\Session\Handlers\FileHandler' driver.
DEBUG - 2026-07-23 07:44:24 --> Session: Class initialized using 'CodeIgniter\Session\Handlers\FileHandler' driver.
DEBUG - 2026-07-23 07:44:25 --> Session: Class initialized using 'CodeIgniter\Session\Handlers\FileHandler' driver.
DEBUG - 2026-07-23 07:44:25 --> Session: Class initialized using 'CodeIgniter\Session\Handlers\FileHandler' driver.
DEBUG - 2026-07-23 07:44:25 --> Session: Class initialized using 'CodeIgniter\Session\Handlers\FileHandler' driver.
DEBUG - 2026-07-23 07:44:46 --> Session: Class initialized using 'CodeIgniter\Session\Handlers\FileHandler' driver.
DEBUG - 2026-07-23 07:44:47 --> Session: Class initialized using 'CodeIgniter\Session\Handlers\FileHandler' driver.
DEBUG - 2026-07-23 07:44:47 --> Session: Class initialized using 'CodeIgniter\Session\Handlers\FileHandler' driver.
DEBUG - 2026-07-23 07:44:47 --> Session: Class initialized using 'CodeIgniter\Session\Handlers\FileHandler' driver.
DEBUG - 2026-07-23 07:48:41 --> Session: Class initialized using 'CodeIgniter\Session\Handlers\FileHandler' driver.
DEBUG - 2026-07-23 07:48:44 --> Session: Class initialized using 'CodeIgniter\Session\Handlers\FileHandler' driver.
DEBUG - 2026-07-23 07:48:57 --> Session: Class initialized using 'CodeIgniter\Session\Handlers\FileHandler' driver.
DEBUG - 2026-07-23 07:49:08 --> Session: Class initialized using 'CodeIgniter\Session\Handlers\FileHandler' driver.
DEBUG - 2026-07-23 07:49:09 --> Session: Class initialized using 'CodeIgniter\Session\Handlers\FileHandler' driver.
DEBUG - 2026-07-23 07:49:09 --> Session: Class initialized using 'CodeIgniter\Session\Handlers\FileHandler' driver.
DEBUG - 2026-07-23 07:49:55 --> Session: Class initialized using 'CodeIgniter\Session\Handlers\FileHandler' driver.
DEBUG - 2026-07-23 07:49:55 --> Session: Class initialized using 'CodeIgniter\Session\Handlers\FileHandler' driver.
DEBUG - 2026-07-23 07:49:59 --> Session: Class initialized using 'CodeIgniter\Session\Handlers\FileHandler' driver.
DEBUG - 2026-07-23 07:50:01 --> Session: Class initialized using 'CodeIgniter\Session\Handlers\FileHandler' driver.
DEBUG - 2026-07-23 07:50:07 --> Session: Class initialized using 'CodeIgniter\Session\Handlers\FileHandler' driver.
DEBUG - 2026-07-23 07:50:07 --> Session: Class initialized using 'CodeIgniter\Session\Handlers\FileHandler' driver.
DEBUG - 2026-07-23 07:50:10 --> Session: Class initialized using 'CodeIgniter\Session\Handlers\FileHandler' driver.
DEBUG - 2026-07-23 07:50:13 --> Session: Class initialized using 'CodeIgniter\Session\Handlers\FileHandler' driver.
DEBUG - 2026-07-23 07:50:15 --> Session: Class initialized using 'CodeIgniter\Session\Handlers\FileHandler' driver.
DEBUG - 2026-07-23 07:50:27 --> Session: Class initialized using 'CodeIgniter\Session\Handlers\FileHandler' driver.
DEBUG - 2026-07-23 07:50:27 --> Session: Class initialized using 'CodeIgniter\Session\Handlers\FileHandler' driver.
DEBUG - 2026-07-23 07:51:14 --> Session: Class initialized using 'CodeIgniter\Session\Handlers\FileHandler' driver.
DEBUG - 2026-07-23 07:51:16 --> Session: Class initialized using 'CodeIgniter\Session\Handlers\FileHandler' driver.
DEBUG - 2026-07-23 07:51:18 --> Session: Class initialized using 'CodeIgniter\Session\Handlers\FileHandler' driver.
DEBUG - 2026-07-23 07:52:52 --> Session: Class initialized using 'CodeIgniter\Session\Handlers\FileHandler' driver.
DEBUG - 2026-07-23 07:52:54 --> Session: Class initialized using 'CodeIgniter\Session\Handlers\FileHandler' driver.
DEBUG - 2026-07-23 07:53:06 --> Session: Class initialized using 'CodeIgniter\Session\Handlers\FileHandler' driver.
DEBUG - 2026-07-23 07:53:06 --> Session: Class initialized using 'CodeIgniter\Session\Handlers\FileHandler' driver.
DEBUG - 2026-07-23 07:53:06 --> Session: Class initialized using 'CodeIgniter\Session\Handlers\FileHandler' driver.
DEBUG - 2026-07-23 07:53:06 --> Session: Class initialized using 'CodeIgniter\Session\Handlers\FileHandler' driver.
DEBUG - 2026-07-23 07:53:07 --> Session: Class initialized using 'CodeIgniter\Session\Handlers\FileHandler' driver.
DEBUG - 2026-07-23 07:53:22 --> Session: Class initialized using 'CodeIgniter\Session\Handlers\FileHandler' driver.
DEBUG - 2026-07-23 07:53:24 --> Session: Class initialized using 'CodeIgniter\Session\Handlers\FileHandler' driver.
DEBUG - 2026-07-23 07:53:24 --> Session: Class initialized using 'CodeIgniter\Session\Handlers\FileHandler' driver.
DEBUG - 2026-07-23 07:53:24 --> Session: Class initialized using 'CodeIgniter\Session\Handlers\FileHandler' driver.
DEBUG - 2026-07-23 07:53:24 --> Session: Class initialized using 'CodeIgniter\Session\Handlers\FileHandler' driver.
DEBUG - 2026-07-23 07:53:25 --> Session: Class initialized using 'CodeIgniter\Session\Handlers\FileHandler' driver.
DEBUG - 2026-07-23 07:53:25 --> Session: Class initialized using 'CodeIgniter\Session\Handlers\FileHandler' driver.
DEBUG - 2026-07-23 07:56:35 --> Session: Class initialized using 'CodeIgniter\Session\Handlers\FileHandler' driver.
DEBUG - 2026-07-23 07:56:51 --> Session: Class initialized using 'CodeIgniter\Session\Handlers\FileHandler' driver.
DEBUG - 2026-07-23 07:56:52 --> Session: Class initialized using 'CodeIgniter\Session\Handlers\FileHandler' driver.
DEBUG - 2026-07-23 07:56:52 --> Session: Class initialized using 'CodeIgniter\Session\Handlers\FileHandler' driver.
DEBUG - 2026-07-23 07:56:54 --> Session: Class initialized using 'CodeIgniter\Session\Handlers\FileHandler' driver.
DEBUG - 2026-07-23 07:56:55 --> Session: Class initialized using 'CodeIgniter\Session\Handlers\FileHandler' driver.
DEBUG - 2026-07-23 07:56:56 --> Session: Class initialized using 'CodeIgniter\Session\Handlers\FileHandler' driver.
DEBUG - 2026-07-23 07:56:57 --> Session: Class initialized using 'CodeIgniter\Session\Handlers\FileHandler' driver.
DEBUG - 2026-07-23 07:57:24 --> Session: Class initialized using 'CodeIgniter\Session\Handlers\FileHandler' driver.
DEBUG - 2026-07-23 07:57:24 --> Session: Class initialized using 'CodeIgniter\Session\Handlers\FileHandler' driver.
DEBUG - 2026-07-23 07:57:25 --> Session: Class initialized using 'CodeIgniter\Session\Handlers\FileHandler' driver.
DEBUG - 2026-07-23 07:57:25 --> Session: Class initialized using 'CodeIgniter\Session\Handlers\FileHandler' driver.
DEBUG - 2026-07-23 07:58:40 --> Session: Class initialized using 'CodeIgniter\Session\Handlers\FileHandler' driver.
DEBUG - 2026-07-23 07:58:44 --> Session: Class initialized using 'CodeIgniter\Session\Handlers\FileHandler' driver.
DEBUG - 2026-07-23 07:58:56 --> Session: Class initialized using 'CodeIgniter\Session\Handlers\FileHandler' driver.
DEBUG - 2026-07-23 07:58:56 --> Session: Class initialized using 'CodeIgniter\Session\Handlers\FileHandler' driver.
DEBUG - 2026-07-23 07:58:57 --> Session: Class initialized using 'CodeIgniter\Session\Handlers\FileHandler' driver.
DEBUG - 2026-07-23 07:59:01 --> Session: Class initialized using 'CodeIgniter\Session\Handlers\FileHandler' driver.
DEBUG - 2026-07-23 07:59:15 --> Session: Class initialized using 'CodeIgniter\Session\Handlers\FileHandler' driver.
DEBUG - 2026-07-23 07:59:15 --> Session: Class initialized using 'CodeIgniter\Session\Handlers\FileHandler' driver.
DEBUG - 2026-07-23 07:59:15 --> Session: Class initialized using 'CodeIgniter\Session\Handlers\FileHandler' driver.
DEBUG - 2026-07-23 07:59:15 --> Session: Class initialized using 'CodeIgniter\Session\Handlers\FileHandler' driver.
DEBUG - 2026-07-23 07:59:16 --> Session: Class initialized using 'CodeIgniter\Session\Handlers\FileHandler' driver.
DEBUG - 2026-07-23 08:00:15 --> Session: Class initialized using 'CodeIgniter\Session\Handlers\FileHandler' driver.
DEBUG - 2026-07-23 08:00:38 --> Session: Class initialized using 'CodeIgniter\Session\Handlers\FileHandler' driver.
DEBUG - 2026-07-23 08:00:41 --> Session: Class initialized using 'CodeIgniter\Session\Handlers\FileHandler' driver.
DEBUG - 2026-07-23 08:00:42 --> Session: Class initialized using 'CodeIgniter\Session\Handlers\FileHandler' driver.
DEBUG - 2026-07-23 08:03:50 --> Session: Class initialized using 'CodeIgniter\Session\Handlers\FileHandler' driver.
DEBUG - 2026-07-23 08:04:11 --> Session: Class initialized using 'CodeIgniter\Session\Handlers\FileHandler' driver.
DEBUG - 2026-07-23 08:04:17 --> Session: Class initialized using 'CodeIgniter\Session\Handlers\FileHandler' driver.
DEBUG - 2026-07-23 08:04:19 --> Session: Class initialized using 'CodeIgniter\Session\Handlers\FileHandler' driver.
DEBUG - 2026-07-23 08:04:37 --> Session: Class initialized using 'CodeIgniter\Session\Handlers\FileHandler' driver.
DEBUG - 2026-07-23 08:06:10 --> Session: Class initialized using 'CodeIgniter\Session\Handlers\FileHandler' driver.
DEBUG - 2026-07-23 08:06:16 --> Session: Class initialized using 'CodeIgniter\Session\Handlers\FileHandler' driver.
DEBUG - 2026-07-23 08:06:19 --> Session: Class initialized using 'CodeIgniter\Session\Handlers\FileHandler' driver.
DEBUG - 2026-07-23 08:06:31 --> Session: Class initialized using 'CodeIgniter\Session\Handlers\FileHandler' driver.
DEBUG - 2026-07-23 08:06:31 --> Session: Class initialized using 'CodeIgniter\Session\Handlers\FileHandler' driver.
DEBUG - 2026-07-23 08:06:32 --> Session: Class initialized using 'CodeIgniter\Session\Handlers\FileHandler' driver.
DEBUG - 2026-07-23 08:06:34 --> Session: Class initialized using 'CodeIgniter\Session\Handlers\FileHandler' driver.
DEBUG - 2026-07-23 08:06:36 --> Session: Class initialized using 'CodeIgniter\Session\Handlers\FileHandler' driver.
DEBUG - 2026-07-23 08:06:41 --> Session: Class initialized using 'CodeIgniter\Session\Handlers\FileHandler' driver.
DEBUG - 2026-07-23 08:06:50 --> Session: Class initialized using 'CodeIgniter\Session\Handlers\FileHandler' driver.
DEBUG - 2026-07-23 08:06:53 --> Session: Class initialized using 'CodeIgniter\Session\Handlers\FileHandler' driver.
DEBUG - 2026-07-23 08:07:06 --> Session: Class initialized using 'CodeIgniter\Session\Handlers\FileHandler' driver.
DEBUG - 2026-07-23 08:07:07 --> Session: Class initialized using 'CodeIgniter\Session\Handlers\FileHandler' driver.
DEBUG - 2026-07-23 08:07:07 --> Session: Class initialized using 'CodeIgniter\Session\Handlers\FileHandler' driver.
DEBUG - 2026-07-23 08:07:07 --> Session: Class initialized using 'CodeIgniter\Session\Handlers\FileHandler' driver.
DEBUG - 2026-07-23 08:07:11 --> Session: Class initialized using 'CodeIgniter\Session\Handlers\FileHandler' driver.
DEBUG - 2026-07-23 08:08:00 --> Session: Class initialized using 'CodeIgniter\Session\Handlers\FileHandler' driver.
DEBUG - 2026-07-23 08:08:09 --> Session: Class initialized using 'CodeIgniter\Session\Handlers\FileHandler' driver.
DEBUG - 2026-07-23 08:08:09 --> Session: Class initialized using 'CodeIgniter\Session\Handlers\FileHandler' driver.
DEBUG - 2026-07-23 08:08:10 --> Session: Class initialized using 'CodeIgniter\Session\Handlers\FileHandler' driver.
DEBUG - 2026-07-23 08:08:11 --> Session: Class initialized using 'CodeIgniter\Session\Handlers\FileHandler' driver.
